# oct.map - Base 8 encoding
#
# [0-7] ==> [0..8]

# Copyright (c) 2003,2006,2015,2021,2023,2025 by Landon Curt Noll.  All Rights Reserved.
#
# Permission to use, copy, modify, and distribute this software and
# its documentation for any purpose and without fee is hereby granted,
# provided that the above copyright, this permission notice and text
# this comment, and the disclaimer below appear in all of the following:
#
#       supporting documentation
#       source copies
#       source works derived from this source
#       binaries derived from this source or from derived source
#
# LANDON CURT NOLL DISCLAIMS ALL WARRANTIES WITH REGARD TO THIS SOFTWARE,
# INCLUDING ALL IMPLIED WARRANTIES OF MERCHANTABILITY AND FITNESS. IN NO
# EVENT SHALL LANDON CURT NOLL BE LIABLE FOR ANY SPECIAL, INDIRECT OR
# CONSEQUENTIAL DAMAGES OR ANY DAMAGES WHATSOEVER RESULTING FROM LOSS OF
# USE, DATA OR PROFITS, WHETHER IN AN ACTION OF CONTRACT, NEGLIGENCE OR
# OTHER TORTIOUS ACTION, ARISING OUT OF OR IN CONNECTION WITH THE USE OR
# PERFORMANCE OF THIS SOFTWARE.
#
# chongo (Landon Curt Noll) /\oo/\
#
# http://www.isthe.com/chongo/index.html
# https://github.com/lcn2
#
# Share and enjoy!  :-)

30=000		# '0'
31=001		# '1'
32=010		# '2'
33=011		# '3'
34=100		# '4'
35=101		# '5'
36=110		# '6'
37=111		# '7'
